// Jest Snapshot v1, https://goo.gl/fbAQLP

exports[`career/Skill skill snap 1`] = `
<div>
  <div
    class="skill-container"
  >
    <h3
      data-testid="heading"
    >
      Javascript
    </h3>
    <div>
      <div
        style="background-color: rgb(247, 223, 30);"
      />
      <span
        style="left: 68%;"
      >
        <span
          style="box-sizing: border-box; display: block; overflow: hidden; background: none; opacity: 1; border: 0px; margin: 0px; padding: 0px; position: absolute; top: 0px; left: 0px; bottom: 0px; right: 0px;"
        >
          <img
            alt="Javascript"
            data-nimg="fill"
            data-testid="skill-img"
            decoding="async"
            src="data:image/gif;base64,R0lGODlhAQABAIAAAAAAAP///yH5BAEAAAAALAAAAAABAAEAAAIBRAA7"
            style="position: absolute; top: 0px; left: 0px; bottom: 0px; right: 0px; box-sizing: border-box; padding: 0px; margin: auto; display: block; width: 0px; height: 0px; min-width: 100%; max-width: 100%; min-height: 100%; max-height: 100%; object-fit: cover;"
          />
          <noscript />
        </span>
      </span>
    </div>
  </div>
</div>
`;
